<?xml version="1.0" encoding="utf-8"?><testsuites name="pytest tests"><testsuite name="pytest" errors="0" failures="0" skipped="0" tests="2" time="0.010" timestamp="2026-07-22T16:46:16.667396+00:00" hostname="ip-172-31-22-41"><testcase classname="test.test_App" name="test_add" time="0.000" /><testcase classname="test.test_App" name="test_subtract" time="0.000" /></testsuite></testsuites>